2021-03-11 22:34:55,664:INFO:flipkrat.py:Url hitted
2021-03-11 22:34:55,871:INFO:flipkrat.py:login popup handled
2021-03-11 22:34:56,219:INFO:flipkrat.py:Search begins
2021-03-11 22:34:59,039:INFO:flipkrat.py:Data saved in scrapper file
2021-03-11 22:35:58,120:INFO:flipkrat.py:Url hitted
2021-03-11 22:35:58,315:INFO:flipkrat.py:login popup handled
2021-03-11 22:35:58,591:INFO:flipkrat.py:Search begins
2021-03-11 22:36:01,400:INFO:flipkrat.py:Data saved in scrapper file
2021-03-11 22:36:23,309:INFO:flipkrat.py:Url hitted
2021-03-11 22:36:23,496:INFO:flipkrat.py:login popup handled
2021-03-11 22:36:23,770:INFO:flipkrat.py:Search begins
2021-03-11 22:36:33,418:INFO:flipkrat.py:Url hitted
2021-03-11 22:36:33,647:INFO:flipkrat.py:login popup handled
2021-03-11 22:36:34,002:INFO:flipkrat.py:Search begins
2021-03-11 22:36:36,914:INFO:flipkrat.py:Data saved in scrapper file
2021-03-11 22:37:59,845:INFO:flipkrat.py:Thread run completed
2021-03-12 18:10:07,996:INFO:flipkrat.py:Url hitted
2021-03-12 18:10:08,216:INFO:flipkrat.py:login popup handled
2021-03-12 18:10:08,649:INFO:flipkrat.py:Search begins for Nike
2021-03-12 18:10:15,835:INFO:flipkrat.py:Data saved in scrapper file
2021-03-12 18:21:17,976:INFO:flipkrat.py:Url hitted
2021-03-12 18:21:18,307:INFO:flipkrat.py:login popup handled
2021-03-12 18:21:18,661:INFO:flipkrat.py:Search begins for shorts
2021-03-12 18:21:45,120:INFO:flipkrat.py:Thread run completed
2021-03-12 18:51:46,598:INFO:flipkrat.py:Url hitted
2021-03-12 18:51:46,854:INFO:flipkrat.py:login popup handled
2021-03-12 18:51:47,148:INFO:flipkrat.py:Search begins for Nike
2021-03-12 18:51:52,934:INFO:flipkrat.py:Data saved in scrapper file
2021-03-12 18:59:13,412:INFO:flipkrat.py:Url hitted
2021-03-12 18:59:13,585:INFO:flipkrat.py:login popup handled
2021-03-12 18:59:13,871:INFO:flipkrat.py:Search begins for Nike
2021-03-12 18:59:20,027:INFO:flipkrat.py:Data saved in scrapper file
2021-03-12 19:05:39,138:INFO:flipkrat.py:Url hitted
2021-03-12 19:05:39,293:INFO:flipkrat.py:login popup handled
2021-03-12 19:05:39,627:INFO:flipkrat.py:Search begins for Saree
2021-03-12 19:05:45,435:INFO:flipkrat.py:Data saved in scrapper file
2021-03-12 19:48:30,551:INFO:flipkrat.py:Url hitted
2021-03-12 19:48:32,022:INFO:flipkrat.py:login popup handled
2021-03-12 19:48:33,971:INFO:flipkrat.py:Search begins for Nike
2021-03-12 19:48:39,271:INFO:flipkrat.py:Data saved in scrapper file
2021-03-12 19:52:16,469:INFO:flipkrat.py:Url hitted
2021-03-12 19:52:16,797:INFO:flipkrat.py:login popup handled
2021-03-12 19:52:17,244:INFO:flipkrat.py:Search begins for Nike
2021-03-12 19:52:19,627:INFO:flipkrat.py:Data saved in scrapper file
2021-03-12 22:38:31,082:INFO:flipkrat.py:Url hitted
2021-03-12 22:38:31,387:INFO:flipkrat.py:login popup handled
2021-03-12 22:38:31,835:INFO:flipkrat.py:Search begins for Nike
2021-03-12 22:38:38,080:INFO:flipkrat.py:Data saved in scrapper file
2021-08-01 15:16:07,847:INFO:flipkrat.py:Url hitted
2021-08-01 15:16:07,888:INFO:flipkrat.py:login popup handled
2021-08-01 15:16:07,981:INFO:flipkrat.py:Search begins for samsung
2021-08-01 15:16:09,936:INFO:flipkrat.py:Data saved in scrapper file
2021-08-01 15:17:33,103:INFO:flipkrat.py:Url hitted
2021-08-01 15:17:33,148:INFO:flipkrat.py:login popup handled
2021-08-01 15:17:33,252:INFO:flipkrat.py:Search begins for samsung
2021-08-01 15:17:36,074:INFO:flipkrat.py:data saved in scrapper file
2021-08-01 15:33:43,729:INFO:flipkrat.py:Url hitted
2021-08-01 15:33:43,797:INFO:flipkrat.py:login popup handled
2021-08-01 15:33:43,887:INFO:flipkrat.py:Search begins for samsung
2021-08-01 15:33:46,335:INFO:flipkrat.py:Data saved in scrapper file
2021-08-01 16:02:20,882:INFO:flipkrat.py:Url hitted
2021-08-01 16:02:20,978:INFO:flipkrat.py:login popup handled
2021-08-01 16:02:21,096:INFO:flipkrat.py:Search begins for samsung
2021-08-01 16:28:58,071:INFO:flipkrat.py:Url hitted
2021-08-01 16:28:58,144:INFO:flipkrat.py:login popup handled
2021-08-01 16:31:59,312:INFO:flipkrat.py:Url hitted
2021-08-01 16:31:59,384:INFO:flipkrat.py:login popup handled
2021-12-05 20:02:01,224:INFO:flipkrat.py:Url hitted
2021-12-05 20:02:01,966:INFO:flipkrat.py:login popup handled
2021-12-05 20:02:02,069:INFO:flipkrat.py:Search begins for samsung
2021-12-18 19:48:58,493:INFO:flipkrat.py:Url hitted
2021-12-18 19:48:58,541:INFO:flipkrat.py:login popup handled
2021-12-18 19:48:58,671:INFO:flipkrat.py:Search begins for iphone7
2021-12-20 18:44:13,177:INFO:flipkrat.py:Url hitted
2021-12-20 18:44:14,816:INFO:flipkrat.py:login popup handled
2021-12-20 18:44:15,563:INFO:flipkrat.py:Search begins for redminote5pro
2021-12-21 21:48:34,686:INFO:flipkrat.py:Url hitted
2021-12-21 21:48:37,412:INFO:flipkrat.py:login popup handled
2021-12-21 21:48:38,093:INFO:flipkrat.py:Search begins for mi11lite
2021-12-21 22:13:23,579:INFO:flipkrat.py:Url hitted
2021-12-21 22:27:31,022:INFO:flipkrat.py:Url hitted
2021-12-21 22:27:31,681:INFO:flipkrat.py:login popup handled
2021-12-21 22:27:32,574:INFO:flipkrat.py:Search begins for mi11lite
2021-12-21 22:29:10,380:INFO:flipkrat.py:Thread run completed
2021-12-21 23:19:01,164:INFO:flipkrat.py:Url hitted
2021-12-21 23:19:01,864:INFO:flipkrat.py:login popup handled
2021-12-21 23:19:02,892:INFO:flipkrat.py:Search begins for mi11lite
2021-12-21 23:19:09,534:INFO:flipkrat.py:Data saved in scrapper file
2021-12-22 20:00:37,826:INFO:flipkart.py:Url hitted
2021-12-22 20:05:32,504:INFO:flipkart.py:Url hitted
2021-12-22 20:05:38,009:INFO:flipkart.py:login popup handled
2021-12-22 20:05:40,572:INFO:flipkart.py:Search begins for redminote5pro
2021-12-22 20:09:09,255:INFO:flipkart.py:Thread run completed
2021-12-22 20:57:56,635:INFO:flipkart.py:Url hitted
2021-12-22 20:58:01,982:INFO:flipkart.py:login popup handled
2021-12-22 20:58:03,142:INFO:flipkart.py:Search begins for APPLEMacBookAirM1
2021-12-22 21:21:34,803:INFO:flipkart.py:Url hitted
2021-12-22 21:21:35,638:INFO:flipkart.py:login popup handled
2021-12-22 21:21:36,456:INFO:flipkart.py:Search begins for APPLEMacBookpro
2021-12-22 21:25:14,113:INFO:flipkart.py:Thread run completed
2021-12-22 22:02:46,584:INFO:flipkart.py:Url hitted
2021-12-22 22:03:23,323:INFO:flipkart.py:login popup handled
2021-12-22 22:04:15,694:INFO:flipkart.py:Search begins for redmi5a
2021-12-22 22:08:12,249:INFO:flipkart.py:Thread run completed
2021-12-23 00:40:25,349:INFO:flipkart.py:Url hitted
2021-12-23 00:45:48,449:INFO:flipkart.py:login popup handled
2021-12-23 00:50:27,178:INFO:flipkart.py:Search begins for redmi4a
2021-12-23 12:48:45,383:INFO:flipkart.py:Url hitted
2021-12-23 12:53:39,094:INFO:flipkart.py:login popup handled
2021-12-23 12:53:43,251:INFO:flipkart.py:Search begins for redminote6pro
2021-12-23 12:56:22,561:INFO:flipkart.py:Thread run completed
2021-12-23 16:44:21,889:INFO:flipkart.py:Url hitted
2021-12-23 16:46:05,242:INFO:flipkart.py:login popup handled
2021-12-23 17:47:50,085:INFO:flipkart.py:Search begins for redmi6a
2021-12-23 18:22:21,969:INFO:flipkart.py:Thread run completed
2021-12-23 19:15:17,822:INFO:flipkart.py:Url hitted
2021-12-23 19:15:20,769:INFO:flipkart.py:login popup handled
2021-12-23 19:15:21,480:INFO:flipkart.py:Search begins for redmi5a
2021-12-23 19:17:25,163:INFO:flipkart.py:Thread run completed
2021-12-23 23:07:35,647:INFO:flipkart.py:Url hitted
2021-12-23 23:07:36,496:INFO:flipkart.py:login popup handled
2021-12-23 23:07:37,395:INFO:flipkart.py:Search begins for redmi7a
2021-12-23 23:12:36,223:INFO:flipkart.py:Url hitted
2021-12-23 23:12:37,468:INFO:flipkart.py:login popup handled
2021-12-23 23:12:38,131:INFO:flipkart.py:Search begins for redmi8
2021-12-24 00:02:20,180:INFO:flipkart.py:Thread run completed
2021-12-24 11:08:53,592:INFO:flipkart.py:Url hitted
2021-12-24 11:08:55,463:INFO:flipkart.py:login popup handled
2021-12-24 11:08:56,279:INFO:flipkart.py:Search begins for redmi4a
2021-12-24 11:50:26,201:INFO:flipkart.py:Thread run completed
2021-12-24 12:10:45,852:INFO:flipkart.py:Url hitted
2021-12-24 12:10:47,730:INFO:flipkart.py:login popup handled
2021-12-24 12:10:48,496:INFO:flipkart.py:Search begins for redmi4a
2021-12-24 12:34:21,473:INFO:flipkart.py:Url hitted
2021-12-24 12:34:24,449:INFO:flipkart.py:login popup handled
2021-12-24 12:34:25,117:INFO:flipkart.py:Search begins for redmi4a
2021-12-24 13:39:37,067:INFO:flipkart.py:Url hitted
2021-12-24 13:39:39,755:INFO:flipkart.py:login popup handled
2021-12-24 13:39:40,351:INFO:flipkart.py:Search begins for redmi4a
2021-12-24 14:24:48,305:INFO:flipkart.py:Url hitted
2021-12-24 14:24:49,531:INFO:flipkart.py:login popup handled
2021-12-24 14:24:53,886:INFO:flipkart.py:Search begins for redmi4a
2021-12-24 14:49:44,900:INFO:flipkart.py:Thread run completed
2021-12-24 15:46:19,193:INFO:flipkart.py:Url hitted
2021-12-24 15:46:19,908:INFO:flipkart.py:login popup handled
2021-12-24 15:46:20,816:INFO:flipkart.py:Search begins for redmi4a
2021-12-24 15:46:27,013:INFO:flipkart.py:data saved in scrapper file
2021-12-24 15:46:28,636:INFO:flipkart.py:Thread run completed
2021-12-24 16:44:51,406:INFO:flipkart.py:Url hitted
2021-12-24 16:44:51,966:INFO:flipkart.py:login popup handled
2021-12-24 16:44:52,906:INFO:flipkart.py:Search begins for redmi4a
2021-12-24 16:44:56,727:INFO:flipkart.py:data saved in scrapper file
2021-12-24 16:45:50,988:INFO:flipkart.py:Thread run completed
2021-12-24 23:48:47,863:INFO:flipkart.py:Url hitted
2021-12-24 23:48:48,930:INFO:flipkart.py:login popup handled
2021-12-24 23:48:49,819:INFO:flipkart.py:Search begins for redmi8a
2021-12-24 23:52:53,565:INFO:flipkart.py:Thread run completed
2021-12-25 00:03:38,737:INFO:flipkart.py:Url hitted
2021-12-25 00:04:44,032:INFO:flipkart.py:Url hitted
2021-12-25 00:04:47,543:INFO:flipkart.py:login popup handled
2021-12-25 00:04:49,651:INFO:flipkart.py:Search begins for redmi4a
2021-12-25 00:16:53,452:INFO:flipkart.py:Thread run completed
2021-12-25 10:31:07,275:INFO:flipkart.py:Url hitted
2021-12-25 10:34:09,942:INFO:flipkart.py:Url hitted
2021-12-25 10:34:12,917:INFO:flipkart.py:login popup handled
2021-12-25 10:34:14,364:INFO:flipkart.py:Search begins for realme9
2021-12-25 12:31:48,121:INFO:flipkart.py:Url hitted
2021-12-25 12:31:49,541:INFO:flipkart.py:login popup handled
2021-12-25 12:31:52,069:INFO:flipkart.py:Search begins for realme10
2021-12-25 12:59:26,489:INFO:flipkart.py:Thread run completed
2021-12-25 14:21:42,455:INFO:flipkart.py:Url hitted
2021-12-25 14:21:44,608:INFO:flipkart.py:login popup handled
2021-12-25 14:21:45,327:INFO:flipkart.py:Search begins for boatrockerz255pro
2021-12-25 14:22:27,688:INFO:flipkart.py:Thread run completed
2022-01-11 12:26:22,694:INFO:flipkart.py:Url hitted
2022-01-11 12:26:23,684:INFO:flipkart.py:login popup handled
2022-01-11 12:26:25,123:INFO:flipkart.py:Search begins for iphone12
2022-01-11 12:28:10,364:INFO:flipkart.py:Url hitted
2022-01-11 12:28:10,925:INFO:flipkart.py:login popup handled
2022-01-11 12:28:12,004:INFO:flipkart.py:Search begins for iphone12
2022-01-11 12:28:47,912:INFO:flipkart.py:Thread run completed
